// Jest Snapshot v1, https://goo.gl/fbAQLP

exports[`ui link with wrapper router link 1`] = `
.c0 {
  -webkit-text-decoration: none;
  text-decoration: none;
  -webkit-transition: 0.15s;
  transition: 0.15s;
  color: inherit;
}

.c0:hover {
  color: #2196F3;
}

<a
  className="c0"
  href="/profile"
  onClick={[Function]}
>
  Ссылочка
</a>
`;
