// Jest Snapshot v1, https://goo.gl/fbAQLP

exports[`ui link with wrapper router link 1`] = `
.c0 {
  -webkit-text-decoration: none;
  text-decoration: none;
  -webkit-transition: 0.15s;
  transition: 0.15s;
  color: inherit;
  font-size: inherit;
  -webkit-box-pack: initial;
  -webkit-justify-content: initial;
  -ms-flex-pack: initial;
  justify-content: initial;
  -webkit-align-items: initial;
  -webkit-box-align: initial;
  -ms-flex-align: initial;
  align-items: initial;
  width: initial;
  min-width: initial;
  max-width: initial;
  padding: initial;
}

.c0:hover {
  color: #2196F3;
}

<a
  className="c0"
  href="/profile"
  onClick={[Function]}
>
  Link
</a>
`;
