// Jest Snapshot v1, https://goo.gl/fbAQLP

exports[`must render Header 1`] = `
.c1 {
  display: inherit;
  max-width: 50rem;
  width: 100%;
  padding: 1rem;
}

.c4 {
  position: relative;
  display: block;
  width: calc((1.4rem * 2) + 8px);
  height: calc(1.4rem + 8px);
}

.c7 {
  position: absolute;
  top: 0;
  right: 0;
  bottom: 0;
  left: 0;
  background-color: #64B5F6;
  border-radius: 1.4rem;
  cursor: pointer;
  -webkit-transition: 0.4s;
  transition: 0.4s;
}

.c7:before {
  content: "☀️";
  display: -webkit-box;
  display: -webkit-flex;
  display: -ms-flexbox;
  display: flex;
  -webkit-box-pack: center;
  -webkit-justify-content: center;
  -ms-flex-pack: center;
  justify-content: center;
  -webkit-align-items: center;
  -webkit-box-align: center;
  -ms-flex-align: center;
  align-items: center;
  position: absolute;
  top: 4px;
  left: 4px;
  width: 1.4rem;
  height: 1.4rem;
  font-size: 0.7rem;
  line-height: 0px;
  background-color: white;
  border-radius: 50%;
  -webkit-transition: 0.4s;
  transition: 0.4s;
}

.c5 {
  opacity: 0;
  width: 0;
  height: 0;
}

.c5:checked + .c6::before {
  content: '🌙';
  -webkit-transform: translateX(1.4rem);
  -ms-transform: translateX(1.4rem);
  transform: translateX(1.4rem);
}

.c2 {
  -webkit-text-decoration: none;
  text-decoration: none;
  -webkit-transition: 0.15s;
  transition: 0.15s;
  color: inherit;
}

.c2:hover {
  color: #2196F3;
}

.c3 {
  display: -webkit-box;
  display: -webkit-flex;
  display: -ms-flexbox;
  display: flex;
  -webkit-box-pack: center;
  -webkit-justify-content: center;
  -ms-flex-pack: center;
  justify-content: center;
  -webkit-align-items: center;
  -webkit-box-align: center;
  -ms-flex-align: center;
  align-items: center;
}

.c0 {
  display: -webkit-box;
  display: -webkit-flex;
  display: -ms-flexbox;
  display: flex;
  -webkit-box-pack: center;
  -webkit-justify-content: center;
  -ms-flex-pack: center;
  justify-content: center;
  -webkit-align-items: center;
  -webkit-box-align: center;
  -ms-flex-align: center;
  align-items: center;
  height: 5rem;
  background-color: #ECEFF1;
  color: Black;
}

.c0 > div.container {
  -webkit-box-pack: justify;
  -webkit-justify-content: space-between;
  -ms-flex-pack: justify;
  justify-content: space-between;
  -webkit-align-items: center;
  -webkit-box-align: center;
  -ms-flex-align: center;
  align-items: center;
}

<div
  className="c0"
>
  <div
    className="container c1"
  >
    <a
      className="c2"
      href="/"
      onClick={[Function]}
      style={
        Object {
          "textTransform": "uppercase",
        }
      }
    >
      Shortcut-link
    </a>
    <div
      className="c3"
    >
      <a
        className="c2"
        href="/join/signup"
        onClick={[Function]}
        style={
          Object {
            "marginRight": "20px",
          }
        }
      >
        Войти в аккаунт
      </a>
      <label
        className="c4"
      >
        <input
          className="c5"
          defaultChecked={false}
          onClick={[Function]}
          type="checkbox"
        />
        <span
          className="slider c6 c7"
        />
      </label>
    </div>
  </div>
</div>
`;
